WARNING: We recommend using a newer Android Gradle plugin to use compileSdk = 36

This Android Gradle plugin (8.5.0) was tested up to compileSdk = 34.

You are strongly encouraged to update your project to use a newer
Android Gradle plugin that has been tested with compileSdk = 36.

If you are already using the latest version of the Android Gradle plugin,
you may need to wait until a newer version with support for compileSdk = 36 is available.

For more information refer to the compatibility table:
https://d.android.com/r/tools/api-level-support

To suppress this warning, add/update
    android.suppressUnsupportedCompileSdk=36
to this project's gradle.properties.
> Task :app:checkKotlinGradlePluginConfigurationErrors
> Task :app:preBuild UP-TO-DATE
> Task :app:preDebugBuild UP-TO-DATE
> Task :app:dataBindingMergeDependencyArtifactsDebug FAILED

FAILURE: Build failed with an exception.

* What went wrong:
Execution failed for task ':app:dataBindingMergeDependencyArtifactsDebug'.
> Could not resolve all dependencies for configuration ':app:debugCompileClasspath'.
   > Configuration `:app:debugRuntimeClasspath` contains AndroidX dependencies, but the `android.useAndroidX` property is not enabled, which may cause runtime issues.
     Set `android.useAndroidX=true` in the `gradle.properties` file and retry.
     The following AndroidX dependencies are detected:
     :app:debugRuntimeClasspath -> androidx.core:core-ktx:1.12.0
     :app:debugRuntimeClasspath -> androidx.navigation:navigation-fragment-ktx:2.7.6 -> androidx.navigation:navigation-fragment:2.7.6 -> androidx.navigation:navigation-runtime-ktx:2.7.6 -> androidx.navigation:navigation-runtime:2.7.6 -> androidx.navigation:navigation-common-ktx:2.7.6 -> androidx.navigation:navigation-common:2.7.6 -> androidx.annotation:annotation:1.6.0
     :app:debugRuntimeClasspath -> androidx.navigation:navigation-fragment-ktx:2.7.6 -> androidx.navigation:navigation-fragment:2.7.6 -> androidx.navigation:navigation-runtime-ktx:2.7.6 -> androidx.navigation:navigation-runtime:2.7.6 -> androidx.navigation:navigation-common-ktx:2.7.6 -> androidx.navigation:navigation-common:2.7.6 -> androidx.annotation:annotation:1.6.0 -> androidx.annotation:annotation-jvm:1.6.0
     :app:debugRuntimeClasspath -> com.google.android.material:material:1.11.0 -> androidx.core:core:1.12.0
     :app:debugRuntimeClasspath -> androidx.navigation:navigation-fragment-ktx:2.7.6 -> androidx.navigation:navigation-fragment:2.7.6 -> androidx.navigation:navigation-runtime-ktx:2.7.6 -> androidx.navigation:navigation-common-ktx:2.7.6 -> androidx.navigation:navigation-common:2.7.6 -> androidx.navigation:navigation-runtime:2.7.6 -> androidx.annotation:annotation-experimental:1.3.0
     :app:debugRuntimeClasspath -> androidx.navigation:navigation-fragment-ktx:2.7.6 -> androidx.navigation:navigation-fragment:2.7.6 -> androidx.navigation:navigation-runtime-ktx:2.7.6 -> androidx.navigation:navigation-common-ktx:2.7.6 -> androidx.navigation:navigation-common:2.7.6 -> androidx.navigation:navigation-runtime:2.7.6 -> androidx.collection:collection:1.1.0
     :app:debugRuntimeClasspath -> com.google.android.material:material:1.11.0 -> androidx.core:core:1.12.0 -> androidx.concurrent:concurrent-futures:1.1.0
     :app:debugRuntimeClasspath -> androidx.appcompat:appcompat:1.6.1 -> androidx.appcompat:appcompat-resources:1.6.1 -> androidx.vectordrawable:vectordrawable-animated:1.1.0 -> androidx.interpolator:interpolator:1.0.0
     :app:debugRuntimeClasspath -> com.google.android.material:material:1.11.0 -> androidx.lifecycle:lifecycle-runtime:2.6.2
     :app:debugRuntimeClasspath -> androidx.appcompat:appcompat:1.6.1 -> androidx.savedstate:savedstate:1.2.1 -> androidx.arch.core:core-common:2.2.0
     :app:debugRuntimeClasspath -> com.google.android.material:material:1.11.0 -> androidx.lifecycle:lifecycle-runtime:2.6.2 -> androidx.arch.core:core-runtime:2.2.0
     :app:debugRuntimeClasspath -> androidx.navigation:navigation-fragment-ktx:2.7.6 -> androidx.navigation:navigation-fragment:2.7.6 -> androidx.navigation:navigation-runtime-ktx:2.7.6 -> androidx.navigation:navigation-runtime:2.7.6 -> androidx.navigation:navigation-common-ktx:2.7.6 -> androidx.navigation:navigation-common:2.7.6 -> androidx.lifecycle:lifecycle-common:2.6.2
     :app:debugRuntimeClasspath -> com.google.android.material:material:1.11.0 -> androidx.fragment:fragment:1.6.2 -> androidx.loader:loader:1.0.0 -> androidx.lifecycle:lifecycle-livedata:2.6.2
     :app:debugRuntimeClasspath -> com.google.android.material:material:1.11.0 -> androidx.fragment:fragment:1.6.2 -> androidx.lifecycle:lifecycle-livedata-core:2.6.2
     :app:debugRuntimeClasspath -> androidx.navigation:navigation-fragment-ktx:2.7.6 -> androidx.navigation:navigation-runtime-ktx:2.7.6 -> androidx.navigation:navigation-runtime:2.7.6 -> androidx.navigation:navigation-common-ktx:2.7.6 -> androidx.navigation:navigation-common:2.7.6 -> androidx.navigation:navigation-fragment:2.7.6 -> androidx.fragment:fragment-ktx:1.6.2 -> androidx.lifecycle:lifecycle-livedata-core-ktx:2.6.2
     :app:debugRuntimeClasspath -> androidx.appcompat:appcompat:1.6.1 -> androidx.emoji2:emoji2:1.2.0 -> androidx.lifecycle:lifecycle-process:2.6.2
     :app:debugRuntimeClasspath -> androidx.appcompat:appcompat:1.6.1 -> androidx.emoji2:emoji2:1.2.0 -> androidx.startup:startup-runtime:1.1.1
     :app:debugRuntimeClasspath -> com.google.android.material:material:1.11.0 -> androidx.activity:activity:1.8.0 -> androidx.tracing:tracing:1.0.0
     :app:debugRuntimeClasspath -> androidx.navigation:navigation-fragment-ktx:2.7.6 -> androidx.navigation:navigation-fragment:2.7.6 -> androidx.navigation:navigation-runtime-ktx:2.7.6 -> androidx.navigation:navigation-runtime:2.7.6 -> androidx.navigation:navigation-common-ktx:2.7.6 -> androidx.navigation:navigation-common:2.7.6 -> androidx.lifecycle:lifecycle-runtime-ktx:2.6.2
     :app:debugRuntimeClasspath -> androidx.appcompat:appcompat:1.6.1 -> androidx.lifecycle:lifecycle-viewmodel:2.6.2
     :app:debugRuntimeClasspath -> androidx.navigation:navigation-fragment-ktx:2.7.6 -> androidx.navigation:navigation-fragment:2.7.6 -> androidx.navigation:navigation-runtime-ktx:2.7.6 -> androidx.navigation:navigation-runtime:2.7.6 -> androidx.navigation:navigation-common-ktx:2.7.6 -> androidx.navigation:navigation-common:2.7.6 -> androidx.lifecycle:lifecycle-viewmodel-ktx:2.6.2
     :app:debugRuntimeClasspath -> androidx.navigation:navigation-fragment-ktx:2.7.6 -> androidx.navigation:navigation-fragment:2.7.6 -> androidx.navigation:navigation-runtime-ktx:2.7.6 -> androidx.navigation:navigation-runtime:2.7.6 -> androidx.navigation:navigation-common-ktx:2.7.6 -> androidx.navigation:navigation-common:2.7.6 -> androidx.lifecycle:lifecycle-viewmodel-savedstate:2.6.2
     :app:debugRuntimeClasspath -> androidx.appcompat:appcompat:1.6.1 -> androidx.savedstate:savedstate:1.2.1
     :app:debugRuntimeClasspath -> androidx.navigation:navigation-fragment-ktx:2.7.6 -> androidx.navigation:navigation-fragment:2.7.6 -> androidx.navigation:navigation-runtime-ktx:2.7.6 -> androidx.navigation:navigation-runtime:2.7.6 -> androidx.navigation:navigation-common-ktx:2.7.6 -> androidx.navigation:navigation-common:2.7.6 -> androidx.savedstate:savedstate-ktx:1.2.1
     :app:debugRuntimeClasspath -> androidx.navigation:navigation-fragment-ktx:2.7.6 -> androidx.navigation:navigation-fragment:2.7.6 -> androidx.navigation:navigation-runtime-ktx:2.7.6 -> androidx.navigation:navigation-runtime:2.7.6 -> androidx.navigation:navigation-common-ktx:2.7.6 -> androidx.navigation:navigation-common:2.7.6 -> androidx.profileinstaller:profileinstaller:1.3.0
     :app:debugRuntimeClasspath -> com.google.android.material:material:1.11.0 -> androidx.core:core:1.12.0 -> androidx.versionedparcelable:versionedparcelable:1.1.1
     :app:debugRuntimeClasspath -> androidx.appcompat:appcompat:1.6.1
     :app:debugRuntimeClasspath -> com.google.android.material:material:1.11.0 -> androidx.activity:activity:1.8.0
     :app:debugRuntimeClasspath -> androidx.navigation:navigation-fragment-ktx:2.7.6 -> androidx.navigation:navigation-fragment:2.7.6 -> androidx.navigation:navigation-runtime-ktx:2.7.6 -> androidx.navigation:navigation-common-ktx:2.7.6 -> androidx.navigation:navigation-common:2.7.6 -> androidx.navigation:navigation-runtime:2.7.6 -> androidx.activity:activity-ktx:1.8.0
     :app:debugRuntimeClasspath -> androidx.appcompat:appcompat:1.6.1 -> androidx.appcompat:appcompat-resources:1.6.1
     :app:debugRuntimeClasspath -> com.google.android.material:material:1.11.0 -> androidx.vectordrawable:vectordrawable:1.1.0
     :app:debugRuntimeClasspath -> androidx.appcompat:appcompat:1.6.1 -> androidx.appcompat:appcompat-resources:1.6.1 -> androidx.vectordrawable:vectordrawable-animated:1.1.0
     :app:debugRuntimeClasspath -> androidx.appcompat:appcompat:1.6.1 -> androidx.cursoradapter:cursoradapter:1.0.0
     :app:debugRuntimeClasspath -> androidx.navigation:navigation-fragment-ktx:2.7.6 -> androidx.navigation:navigation-fragment:2.7.6 -> androidx.navigation:navigation-runtime-ktx:2.7.6 -> androidx.navigation:navigation-runtime:2.7.6 -> androidx.navigation:navigation-common-ktx:2.7.6 -> androidx.navigation:navigation-common:2.7.6 -> androidx.navigation:navigation-ui:2.7.6 -> androidx.drawerlayout:drawerlayout:1.1.1
     :app:debugRuntimeClasspath -> androidx.navigation:navigation-fragment-ktx:2.7.6 -> androidx.navigation:navigation-fragment:2.7.6 -> androidx.navigation:navigation-runtime-ktx:2.7.6 -> androidx.navigation:navigation-runtime:2.7.6 -> androidx.navigation:navigation-common-ktx:2.7.6 -> androidx.navigation:navigation-common:2.7.6 -> androidx.navigation:navigation-ui:2.7.6 -> androidx.customview:customview:1.1.0
     :app:debugRuntimeClasspath -> androidx.appcompat:appcompat:1.6.1 -> androidx.emoji2:emoji2:1.2.0
     :app:debugRuntimeClasspath -> androidx.appcompat:appcompat:1.6.1 -> androidx.emoji2:emoji2-views-helper:1.2.0
     :app:debugRuntimeClasspath -> com.google.android.material:material:1.11.0 -> androidx.fragment:fragment:1.6.2
     :app:debugRuntimeClasspath -> com.google.android.material:material:1.11.0 -> androidx.fragment:fragment:1.6.2 -> androidx.loader:loader:1.0.0
     :app:debugRuntimeClasspath -> com.google.android.material:material:1.11.0 -> androidx.fragment:fragment:1.6.2 -> androidx.viewpager:viewpager:1.0.0
     :app:debugRuntimeClasspath -> androidx.navigation:navigation-fragment-ktx:2.7.6 -> androidx.navigation:navigation-runtime-ktx:2.7.6 -> androidx.navigation:navigation-runtime:2.7.6 -> androidx.navigation:navigation-common-ktx:2.7.6 -> androidx.navigation:navigation-common:2.7.6 -> androidx.navigation:navigation-fragment:2.7.6 -> androidx.fragment:fragment-ktx:1.6.2
     :app:debugRuntimeClasspath -> androidx.navigation:navigation-fragment-ktx:2.7.6 -> androidx.navigation:navigation-fragment:2.7.6 -> androidx.navigation:navigation-runtime-ktx:2.7.6 -> androidx.navigation:navigation-runtime:2.7.6 -> androidx.navigation:navigation-common-ktx:2.7.6 -> androidx.navigation:navigation-common:2.7.6 -> androidx.collection:collection-ktx:1.1.0
     :app:debugRuntimeClasspath -> com.google.android.material:material:1.11.0 -> androidx.resourceinspection:resourceinspection-annotation:1.0.1
     :app:debugRuntimeClasspath -> com.google.android.material:material:1.11.0
     :app:debugRuntimeClasspath -> com.google.android.material:material:1.11.0 -> androidx.cardview:cardview:1.0.0
     :app:debugRuntimeClasspath -> com.google.android.material:material:1.11.0 -> androidx.coordinatorlayout:coordinatorlayout:1.1.0
     :app:debugRuntimeClasspath -> androidx.constraintlayout:constraintlayout:2.1.4
     :app:debugRuntimeClasspath -> androidx.constraintlayout:constraintlayout:2.1.4 -> androidx.constraintlayout:constraintlayout-core:1.0.4
     :app:debugRuntimeClasspath -> com.google.android.material:material:1.11.0 -> androidx.dynamicanimation:dynamicanimation:1.0.0
     :app:debugRuntimeClasspath -> com.google.android.material:material:1.11.0 -> androidx.dynamicanimation:dynamicanimation:1.0.0 -> androidx.legacy:legacy-support-core-utils:1.0.0
     :app:debugRuntimeClasspath -> com.google.android.material:material:1.11.0 -> androidx.dynamicanimation:dynamicanimation:1.0.0 -> androidx.legacy:legacy-support-core-utils:1.0.0 -> androidx.documentfile:documentfile:1.0.0
     :app:debugRuntimeClasspath -> com.google.android.material:material:1.11.0 -> androidx.dynamicanimation:dynamicanimation:1.0.0 -> androidx.legacy:legacy-support-core-utils:1.0.0 -> androidx.localbroadcastmanager:localbroadcastmanager:1.0.0
     :app:debugRuntimeClasspath -> com.google.android.material:material:1.11.0 -> androidx.dynamicanimation:dynamicanimation:1.0.0 -> androidx.legacy:legacy-support-core-utils:1.0.0 -> androidx.print:print:1.0.0
     :app:debugRuntimeClasspath -> com.google.android.material:material:1.11.0 -> androidx.recyclerview:recyclerview:1.1.0
     :app:debugRuntimeClasspath -> androidx.navigation:navigation-fragment-ktx:2.7.6 -> androidx.navigation:navigation-fragment:2.7.6 -> androidx.navigation:navigation-runtime-ktx:2.7.6 -> androidx.navigation:navigation-runtime:2.7.6 -> androidx.navigation:navigation-common-ktx:2.7.6 -> androidx.navigation:navigation-common:2.7.6 -> androidx.navigation:navigation-ui:2.7.6 -> androidx.transition:transition:1.4.1
     :app:debugRuntimeClasspath -> com.google.android.material:material:1.11.0 -> androidx.viewpager2:viewpager2:1.0.0
     :app:debugRuntimeClasspath -> androidx.navigation:navigation-fragment-ktx:2.7.6
     :app:debugRuntimeClasspath -> androidx.navigation:navigation-fragment-ktx:2.7.6 -> androidx.navigation:navigation-runtime-ktx:2.7.6 -> androidx.navigation:navigation-runtime:2.7.6 -> androidx.navigation:navigation-common-ktx:2.7.6 -> androidx.navigation:navigation-common:2.7.6 -> androidx.navigation:navigation-fragment:2.7.6
     :app:debugRuntimeClasspath -> androidx.navigation:navigation-fragment-ktx:2.7.6 -> androidx.navigation:navigation-fragment:2.7.6 -> androidx.navigation:navigation-runtime-ktx:2.7.6 -> androidx.navigation:navigation-common-ktx:2.7.6 -> androidx.navigation:navigation-common:2.7.6 -> androidx.navigation:navigation-runtime:2.7.6
     :app:debugRuntimeClasspath -> androidx.navigation:navigation-fragment-ktx:2.7.6 -> androidx.navigation:navigation-fragment:2.7.6 -> androidx.navigation:navigation-runtime-ktx:2.7.6 -> androidx.navigation:navigation-runtime:2.7.6 -> androidx.navigation:navigation-common-ktx:2.7.6 -> androidx.navigation:navigation-common:2.7.6
     :app:debugRuntimeClasspath -> androidx.navigation:navigation-fragment-ktx:2.7.6 -> androidx.navigation:navigation-fragment:2.7.6 -> androidx.navigation:navigation-runtime-ktx:2.7.6 -> androidx.navigation:navigation-runtime:2.7.6 -> androidx.navigation:navigation-common:2.7.6 -> androidx.navigation:navigation-common-ktx:2.7.6
     :app:debugRuntimeClasspath -> androidx.navigation:navigation-fragment-ktx:2.7.6 -> androidx.navigation:navigation-fragment:2.7.6 -> androidx.navigation:navigation-runtime:2.7.6 -> androidx.navigation:navigation-common-ktx:2.7.6 -> androidx.navigation:navigation-common:2.7.6 -> androidx.navigation:navigation-runtime-ktx:2.7.6
     :app:debugRuntimeClasspath -> androidx.navigation:navigation-fragment-ktx:2.7.6 -> androidx.navigation:navigation-fragment:2.7.6 -> androidx.navigation:navigation-runtime-ktx:2.7.6 -> androidx.navigation:navigation-runtime:2.7.6 -> androidx.navigation:navigation-common-ktx:2.7.6 -> androidx.navigation:navigation-common:2.7.6 -> androidx.navigation:navigation-ui:2.7.6
     :app:debugRuntimeClasspath -> androidx.navigation:navigation-ui-ktx:2.7.6
     :app:debugRuntimeClasspath -> androidx.navigation:navigation-fragment-ktx:2.7.6 -> androidx.navigation:navigation-runtime-ktx:2.7.6 -> androidx.navigation:navigation-runtime:2.7.6 -> androidx.navigation:navigation-common-ktx:2.7.6 -> androidx.navigation:navigation-common:2.7.6 -> androidx.navigation:navigation-fragment:2.7.6 -> androidx.slidingpanelayout:slidingpanelayout:1.2.0
     :app:debugRuntimeClasspath -> androidx.navigation:navigation-fragment-ktx:2.7.6 -> androidx.navigation:navigation-runtime-ktx:2.7.6 -> androidx.navigation:navigation-runtime:2.7.6 -> androidx.navigation:navigation-common-ktx:2.7.6 -> androidx.navigation:navigation-common:2.7.6 -> androidx.navigation:navigation-fragment:2.7.6 -> androidx.slidingpanelayout:slidingpanelayout:1.2.0 -> androidx.window:window:1.0.0

* Try:
> Run with --info or --debug option to get more log output.
> Run with --scan to get full insights.
> Get more help at https://help.gradle.org.

* Exception is:
org.gradle.api.tasks.TaskExecutionException: Execution failed for task ':app:dataBindingMergeDependencyArtifactsDebug'.
	at org.gradle.api.internal.tasks.execution.CatchExceptionTaskExecuter.execute(CatchExceptionTaskExecuter.java:38)
	at org.gradle.api.internal.tasks.execution.EventFiringTaskExecuter$1.executeTask(EventFiringTaskExecuter.java:77)
	at org.gradle.api.internal.tasks.execution.EventFiringTaskExecuter$1.call(EventFiringTaskExecuter.java:55)
	at org.gradle.api.internal.tasks.execution.EventFiringTaskExecuter$1.call(EventFiringTaskExecuter.java:52)
	at org.gradle.internal.operations.DefaultBuildOperationRunner$CallableBuildOperationWorker.execute(DefaultBuildOperationRunner.java:200)
	at org.gradle.internal.operations.DefaultBuildOperationRunner$CallableBuildOperationWorker.execute(DefaultBuildOperationRunner.java:195)
	at org.gradle.internal.operations.DefaultBuildOperationRunner$2.execute(DefaultBuildOperationRunner.java:66)
	at org.gradle.internal.operations.DefaultBuildOperationRunner$2.execute(DefaultBuildOperationRunner.java:59)
	at org.gradle.internal.operations.DefaultBuildOperationRunner.execute(DefaultBuildOperationRunner.java:157)
	at org.gradle.internal.operations.DefaultBuildOperationRunner.execute(DefaultBuildOperationRunner.java:59)
	at org.gradle.internal.operations.DefaultBuildOperationRunner.call(DefaultBuildOperationRunner.java:53)
	at org.gradle.internal.operations.DefaultBuildOperationExecutor.call(DefaultBuildOperationExecutor.java:73)
	at org.gradle.api.internal.tasks.execution.EventFiringTaskExecuter.execute(EventFiringTaskExecuter.java:52)
	at org.gradle.execution.plan.LocalTaskNodeExecutor.execute(LocalTaskNodeExecutor.java:42)
	at org.gradle.execution.taskgraph.DefaultTaskExecutionGraph$InvokeNodeExecutorsAction.execute(DefaultTaskExecutionGraph.java:331)
	at org.gradle.execution.taskgraph.DefaultTaskExecutionGraph$InvokeNodeExecutorsAction.execute(DefaultTaskExecutionGraph.java:318)
	at org.gradle.execution.taskgraph.DefaultTaskExecutionGraph$BuildOperationAwareExecutionAction.lambda$execute$0(DefaultTaskExecutionGraph.java:314)
	at org.gradle.internal.operations.CurrentBuildOperationRef.with(CurrentBuildOperationRef.java:80)
	at org.gradle.execution.taskgraph.DefaultTaskExecutionGraph$BuildOperationAwareExecutionAction.execute(DefaultTaskExecutionGraph.java:314)
	at org.gradle.execution.taskgraph.DefaultTaskExecutionGraph$BuildOperationAwareExecutionAction.execute(DefaultTaskExecutionGraph.java:303)
	at org.gradle.execution.plan.DefaultPlanExecutor$ExecutorWorker.execute(DefaultPlanExecutor.java:463)
	at org.gradle.execution.plan.DefaultPlanExecutor$ExecutorWorker.run(DefaultPlanExecutor.java:380)
	at org.gradle.internal.concurrent.ExecutorPolicy$CatchAndRecordFailures.onExecute(ExecutorPolicy.java:64)
	at org.gradle.internal.concurrent.AbstractManagedExecutor$1.run(AbstractManagedExecutor.java:47)
Caused by: org.gradle.api.internal.artifacts.ivyservice.DefaultLenientConfiguration$ArtifactResolveException: Could not resolve all dependencies for configuration ':app:debugCompileClasspath'.
	at org.gradle.api.internal.artifacts.ResolveExceptionContextualizer.mapFailure(ResolveExceptionContextualizer.java:81)
	at org.gradle.api.internal.artifacts.ResolveExceptionContextualizer.contextualize(ResolveExceptionContextualizer.java:64)
	at org.gradle.api.internal.artifacts.configurations.DefaultConfiguration$1.call(DefaultConfiguration.java:752)
	at org.gradle.api.internal.artifacts.configurations.DefaultConfiguration$1.call(DefaultConfiguration.java:739)
	at org.gradle.internal.operations.DefaultBuildOperationRunner$CallableBuildOperationWorker.execute(DefaultBuildOperationRunner.java:200)
	at org.gradle.internal.operations.DefaultBuildOperationRunner$CallableBuildOperationWorker.execute(DefaultBuildOperationRunner.java:195)
	at org.gradle.internal.operations.DefaultBuildOperationRunner$2.execute(DefaultBuildOperationRunner.java:66)
	at org.gradle.internal.operations.DefaultBuildOperationRunner$2.execute(DefaultBuildOperationRunner.java:59)
	at org.gradle.internal.operations.DefaultBuildOperationRunner.execute(DefaultBuildOperationRunner.java:157)
	at org.gradle.internal.operations.DefaultBuildOperationRunner.execute(DefaultBuildOperationRunner.java:59)
	at org.gradle.internal.operations.DefaultBuildOperationRunner.call(DefaultBuildOperationRunner.java:53)
	at org.gradle.internal.operations.DefaultBuildOperationExecutor.call(DefaultBuildOperationExecutor.java:73)
	at org.gradle.api.internal.artifacts.configurations.DefaultConfiguration.resolveGraphInBuildOperation(DefaultConfiguration.java:739)
	at org.gradle.api.internal.artifacts.configurations.DefaultConfiguration.lambda$resolveExclusivelyIfRequired$6(DefaultConfiguration.java:731)
	at org.gradle.api.internal.project.DefaultProjectStateRegistry$CalculatedModelValueImpl.update(DefaultProjectStateRegistry.java:505)
	at org.gradle.api.internal.artifacts.configurations.DefaultConfiguration.resolveExclusivelyIfRequired(DefaultConfiguration.java:723)
	at org.gradle.api.internal.artifacts.configurations.DefaultConfiguration.resolveGraphIfRequired(DefaultConfiguration.java:716)
	at org.gradle.api.internal.artifacts.configurations.DefaultConfiguration.access$500(DefaultConfiguration.java:154)
	at org.gradle.api.internal.artifacts.configurations.DefaultConfiguration$ResolverResultsResolutionResultProvider.getValue(DefaultConfiguration.java:690)
	at org.gradle.api.internal.artifacts.configurations.DefaultConfiguration$ResolverResultsResolutionResultProvider.getValue(DefaultConfiguration.java:651)
	at org.gradle.api.internal.artifacts.configurations.ResolutionResultProvider$1.getValue(ResolutionResultProvider.java:53)
	at org.gradle.api.internal.artifacts.configurations.ResolutionBackedFileCollection.getSelectedArtifacts(ResolutionBackedFileCollection.java:95)
	at org.gradle.api.internal.artifacts.configurations.ResolutionBackedFileCollection.visitContents(ResolutionBackedFileCollection.java:73)
	at org.gradle.api.internal.file.AbstractFileCollection.visitStructure(AbstractFileCollection.java:361)
	at org.gradle.api.internal.file.CompositeFileCollection.lambda$visitContents$0(CompositeFileCollection.java:113)
	at org.gradle.api.internal.file.collections.UnpackingVisitor.add(UnpackingVisitor.java:67)
	at org.gradle.api.internal.file.collections.UnpackingVisitor.add(UnpackingVisitor.java:92)
	at org.gradle.api.internal.file.DefaultFileCollectionFactory$ResolvingFileCollection.visitChildren(DefaultFileCollectionFactory.java:285)
	at org.gradle.api.internal.file.CompositeFileCollection.visitContents(CompositeFileCollection.java:113)
	at org.gradle.api.internal.file.AbstractFileCollection.visitStructure(AbstractFileCollection.java:361)
	at org.gradle.api.internal.file.CompositeFileCollection.lambda$visitContents$0(CompositeFileCollection.java:113)
	at org.gradle.api.internal.tasks.PropertyFileCollection.visitChildren(PropertyFileCollection.java:48)
	at org.gradle.api.internal.file.CompositeFileCollection.visitContents(CompositeFileCollection.java:113)
	at org.gradle.api.internal.file.AbstractFileCollection.visitStructure(AbstractFileCollection.java:361)
	at org.gradle.internal.fingerprint.impl.DefaultFileCollectionSnapshotter.snapshot(DefaultFileCollectionSnapshotter.java:47)
	at org.gradle.internal.execution.impl.DefaultInputFingerprinter$InputCollectingVisitor.visitInputFileProperty(DefaultInputFingerprinter.java:133)
	at org.gradle.api.internal.tasks.execution.TaskExecution.visitRegularInputs(TaskExecution.java:324)
	at org.gradle.internal.execution.impl.DefaultInputFingerprinter.fingerprintInputProperties(DefaultInputFingerprinter.java:63)
	at org.gradle.internal.execution.steps.AbstractCaptureStateBeforeExecutionStep.captureExecutionStateWithOutputs(AbstractCaptureStateBeforeExecutionStep.java:109)
	at org.gradle.internal.execution.steps.AbstractCaptureStateBeforeExecutionStep.lambda$captureExecutionState$0(AbstractCaptureStateBeforeExecutionStep.java:74)
	at org.gradle.internal.execution.steps.BuildOperationStep$1.call(BuildOperationStep.java:37)
	at org.gradle.internal.operations.DefaultBuildOperationRunner$CallableBuildOperationWorker.execute(DefaultBuildOperationRunner.java:200)
	at org.gradle.internal.operations.DefaultBuildOperationRunner$CallableBuildOperationWorker.execute(DefaultBuildOperationRunner.java:195)
	at org.gradle.internal.operations.DefaultBuildOperationRunner$2.execute(DefaultBuildOperationRunner.java:66)
	at org.gradle.internal.operations.DefaultBuildOperationRunner$2.execute(DefaultBuildOperationRunner.java:59)
	at org.gradle.internal.operations.DefaultBuildOperationRunner.execute(DefaultBuildOperationRunner.java:157)
	at org.gradle.internal.operations.DefaultBuildOperationRunner.execute(DefaultBuildOperationRunner.java:59)
	at org.gradle.internal.operations.DefaultBuildOperationRunner.call(DefaultBuildOperationRunner.java:53)
	at org.gradle.internal.operations.DefaultBuildOperationExecutor.call(DefaultBuildOperationExecutor.java:73)
	at org.gradle.internal.execution.steps.BuildOperationStep.operation(BuildOperationStep.java:34)
	at org.gradle.internal.execution.steps.AbstractCaptureStateBeforeExecutionStep.captureExecutionState(AbstractCaptureStateBeforeExecutionStep.java:69)
	at org.gradle.internal.execution.steps.AbstractCaptureStateBeforeExecutionStep.execute(AbstractCaptureStateBeforeExecutionStep.java:62)
	at org.gradle.internal.execution.steps.AbstractCaptureStateBeforeExecutionStep.execute(AbstractCaptureStateBeforeExecutionStep.java:43)
	at org.gradle.internal.execution.steps.AbstractSkipEmptyWorkStep.executeWithNonEmptySources(AbstractSkipEmptyWorkStep.java:125)
	at org.gradle.internal.execution.steps.AbstractSkipEmptyWorkStep.execute(AbstractSkipEmptyWorkStep.java:56)
	at org.gradle.internal.execution.steps.AbstractSkipEmptyWorkStep.execute(AbstractSkipEmptyWorkStep.java:36)
	at org.gradle.internal.execution.steps.legacy.MarkSnapshottingInputsStartedStep.execute(MarkSnapshottingInputsStartedStep.java:38)
	at org.gradle.internal.execution.steps.LoadPreviousExecutionStateStep.execute(LoadPreviousExecutionStateStep.java:36)
	at org.gradle.internal.execution.steps.LoadPreviousExecutionStateStep.execute(LoadPreviousExecutionStateStep.java:23)
	at org.gradle.internal.execution.steps.HandleStaleOutputsStep.execute(HandleStaleOutputsStep.java:75)
	at org.gradle.internal.execution.steps.HandleStaleOutputsStep.execute(HandleStaleOutputsStep.java:41)
	at org.gradle.internal.execution.steps.AssignMutableWorkspaceStep.lambda$execute$0(AssignMutableWorkspaceStep.java:35)
	at org.gradle.api.internal.tasks.execution.TaskExecution$4.withWorkspace(TaskExecution.java:289)
	at org.gradle.internal.execution.steps.AssignMutableWorkspaceStep.execute(AssignMutableWorkspaceStep.java:31)
	at org.gradle.internal.execution.steps.AssignMutableWorkspaceStep.execute(AssignMutableWorkspaceStep.java:22)
	at org.gradle.internal.execution.steps.ChoosePipelineStep.execute(ChoosePipelineStep.java:40)
	at org.gradle.internal.execution.steps.ChoosePipelineStep.execute(ChoosePipelineStep.java:23)
	at org.gradle.internal.execution.steps.ExecuteWorkBuildOperationFiringStep.lambda$execute$2(ExecuteWorkBuildOperationFiringStep.java:67)
	at org.gradle.internal.execution.steps.ExecuteWorkBuildOperationFiringStep.execute(ExecuteWorkBuildOperationFiringStep.java:67)
	at org.gradle.internal.execution.steps.ExecuteWorkBuildOperationFiringStep.execute(ExecuteWorkBuildOperationFiringStep.java:39)
	at org.gradle.internal.execution.steps.IdentityCacheStep.execute(IdentityCacheStep.java:46)
	at org.gradle.internal.execution.steps.IdentityCacheStep.execute(IdentityCacheStep.java:34)
	at org.gradle.internal.execution.steps.IdentifyStep.execute(IdentifyStep.java:48)
	at org.gradle.internal.execution.steps.IdentifyStep.execute(IdentifyStep.java:35)
	at org.gradle.internal.execution.impl.DefaultExecutionEngine$1.execute(DefaultExecutionEngine.java:61)
	at org.gradle.api.internal.tasks.execution.ExecuteActionsTaskExecuter.executeIfValid(ExecuteActionsTaskExecuter.java:127)
	at org.gradle.api.internal.tasks.execution.ExecuteActionsTaskExecuter.execute(ExecuteActionsTaskExecuter.java:116)
	at org.gradle.api.internal.tasks.execution.FinalizePropertiesTaskExecuter.execute(FinalizePropertiesTaskExecuter.java:46)
	at org.gradle.api.internal.tasks.execution.ResolveTaskExecutionModeExecuter.execute(ResolveTaskExecutionModeExecuter.java:51)
	at org.gradle.api.internal.tasks.execution.SkipTaskWithNoActionsExecuter.execute(SkipTaskWithNoActionsExecuter.java:57)
	at org.gradle.api.internal.tasks.execution.SkipOnlyIfTaskExecuter.execute(SkipOnlyIfTaskExecuter.java:74)
	at org.gradle.api.internal.tasks.execution.CatchExceptionTaskExecuter.execute(CatchExceptionTaskExecuter.java:36)
	at org.gradle.api.internal.tasks.execution.EventFiringTaskExecuter$1.executeTask(EventFiringTaskExecuter.java:77)
	at org.gradle.api.internal.tasks.execution.EventFiringTaskExecuter$1.call(EventFiringTaskExecuter.java:55)
	at org.gradle.api.internal.tasks.execution.EventFiringTaskExecuter$1.call(EventFiringTaskExecuter.java:52)
	at org.gradle.internal.operations.DefaultBuildOperationRunner$CallableBuildOperationWorker.execute(DefaultBuildOperationRunner.java:200)
	at org.gradle.internal.operations.DefaultBuildOperationRunner$CallableBuildOperationWorker.execute(DefaultBuildOperationRunner.java:195)
	at org.gradle.internal.operations.DefaultBuildOperationRunner$2.execute(DefaultBuildOperationRunner.java:66)
	at org.gradle.internal.operations.DefaultBuildOperationRunner$2.execute(DefaultBuildOperationRunner.java:59)
	at org.gradle.internal.operations.DefaultBuildOperationRunner.execute(DefaultBuildOperationRunner.java:157)
	at org.gradle.internal.operations.DefaultBuildOperationRunner.execute(DefaultBuildOperationRunner.java:59)
	at org.gradle.internal.operations.DefaultBuildOperationRunner.call(DefaultBuildOperationRunner.java:53)
	at org.gradle.internal.operations.DefaultBuildOperationExecutor.call(DefaultBuildOperationExecutor.java:73)
	at org.gradle.api.internal.tasks.execution.EventFiringTaskExecuter.execute(EventFiringTaskExecuter.java:52)
	at org.gradle.execution.plan.LocalTaskNodeExecutor.execute(LocalTaskNodeExecutor.java:42)
	at org.gradle.execution.taskgraph.DefaultTaskExecutionGraph$InvokeNodeExecutorsAction.execute(DefaultTaskExecutionGraph.java:331)
	at org.gradle.execution.taskgraph.DefaultTaskExecutionGraph$InvokeNodeExecutorsAction.execute(DefaultTaskExecutionGraph.java:318)
	at org.gradle.execution.taskgraph.DefaultTaskExecutionGraph$BuildOperationAwareExecutionAction.lambda$execute$0(DefaultTaskExecutionGraph.java:314)
	at org.gradle.internal.operations.CurrentBuildOperationRef.with(CurrentBuildOperationRef.java:80)
	at org.gradle.execution.taskgraph.DefaultTaskExecutionGraph$BuildOperationAwareExecutionAction.execute(DefaultTaskExecutionGraph.java:314)
	at org.gradle.execution.taskgraph.DefaultTaskExecutionGraph$BuildOperationAwareExecutionAction.execute(DefaultTaskExecutionGraph.java:303)
	at org.gradle.execution.plan.DefaultPlanExecutor$ExecutorWorker.execute(DefaultPlanExecutor.java:463)
	at org.gradle.execution.plan.DefaultPlanExecutor$ExecutorWorker.run(DefaultPlanExecutor.java:380)
	at org.gradle.internal.concurrent.ExecutorPolicy$CatchAndRecordFailures.onExecute(ExecutorPolicy.java:64)
	at org.gradle.internal.concurrent.AbstractManagedExecutor$1.run(AbstractManagedExecutor.java:47)
Caused by: com.android.builder.errors.EvalIssueException: Configuration `:app:debugRuntimeClasspath` contains AndroidX dependencies, but the `android.useAndroidX` property is not enabled, which may cause runtime issues.
Set `android.useAndroidX=true` in the `gradle.properties` file and retry.
The following AndroidX dependencies are detected:
:app:debugRuntimeClasspath -> androidx.core:core-ktx:1.12.0
:app:debugRuntimeClasspath -> androidx.navigation:navigation-fragment-ktx:2.7.6 -> androidx.navigation:navigation-fragment:2.7.6 -> androidx.navigation:navigation-runtime-ktx:2.7.6 -> androidx.navigation:navigation-runtime:2.7.6 -> androidx.navigation:navigation-common-ktx:2.7.6 -> androidx.navigation:navigation-common:2.7.6 -> androidx.annotation:annotation:1.6.0
:app:debugRuntimeClasspath -> androidx.navigation:navigation-fragment-ktx:2.7.6 -> androidx.navigation:navigation-fragment:2.7.6 -> androidx.navigation:navigation-runtime-ktx:2.7.6 -> androidx.navigation:navigation-runtime:2.7.6 -> androidx.navigation:navigation-common-ktx:2.7.6 -> androidx.navigation:navigation-common:2.7.6 -> androidx.annotation:annotation:1.6.0 -> androidx.annotation:annotation-jvm:1.6.0
:app:debugRuntimeClasspath -> com.google.android.material:material:1.11.0 -> androidx.core:core:1.12.0
:app:debugRuntimeClasspath -> androidx.navigation:navigation-fragment-ktx:2.7.6 -> androidx.navigation:navigation-fragment:2.7.6 -> androidx.navigation:navigation-runtime-ktx:2.7.6 -> androidx.navigation:navigation-common-ktx:2.7.6 -> androidx.navigation:navigation-common:2.7.6 -> androidx.navigation:navigation-runtime:2.7.6 -> androidx.annotation:annotation-experimental:1.3.0
:app:debugRuntimeClasspath -> androidx.navigation:navigation-fragment-ktx:2.7.6 -> androidx.navigation:navigation-fragment:2.7.6 -> androidx.navigation:navigation-runtime-ktx:2.7.6 -> androidx.navigation:navigation-common-ktx:2.7.6 -> androidx.navigation:navigation-common:2.7.6 -> androidx.navigation:navigation-runtime:2.7.6 -> androidx.collection:collection:1.1.0
:app:debugRuntimeClasspath -> com.google.android.material:material:1.11.0 -> androidx.core:core:1.12.0 -> androidx.concurrent:concurrent-futures:1.1.0
:app:debugRuntimeClasspath -> androidx.appcompat:appcompat:1.6.1 -> androidx.appcompat:appcompat-resources:1.6.1 -> androidx.vectordrawable:vectordrawable-animated:1.1.0 -> androidx.interpolator:interpolator:1.0.0
:app:debugRuntimeClasspath -> com.google.android.material:material:1.11.0 -> androidx.lifecycle:lifecycle-runtime:2.6.2
:app:debugRuntimeClasspath -> androidx.appcompat:appcompat:1.6.1 -> androidx.savedstate:savedstate:1.2.1 -> androidx.arch.core:core-common:2.2.0
:app:debugRuntimeClasspath -> com.google.android.material:material:1.11.0 -> androidx.lifecycle:lifecycle-runtime:2.6.2 -> androidx.arch.core:core-runtime:2.2.0
:app:debugRuntimeClasspath -> androidx.navigation:navigation-fragment-ktx:2.7.6 -> androidx.navigation:navigation-fragment:2.7.6 -> androidx.navigation:navigation-runtime-ktx:2.7.6 -> androidx.navigation:navigation-runtime:2.7.6 -> androidx.navigation:navigation-common-ktx:2.7.6 -> androidx.navigation:navigation-common:2.7.6 -> androidx.lifecycle:lifecycle-common:2.6.2
:app:debugRuntimeClasspath -> com.google.android.material:material:1.11.0 -> androidx.fragment:fragment:1.6.2 -> androidx.loader:loader:1.0.0 -> androidx.lifecycle:lifecycle-livedata:2.6.2
:app:debugRuntimeClasspath -> com.google.android.material:material:1.11.0 -> androidx.fragment:fragment:1.6.2 -> androidx.lifecycle:lifecycle-livedata-core:2.6.2
:app:debugRuntimeClasspath -> androidx.navigation:navigation-fragment-ktx:2.7.6 -> androidx.navigation:navigation-runtime-ktx:2.7.6 -> androidx.navigation:navigation-runtime:2.7.6 -> androidx.navigation:navigation-common-ktx:2.7.6 -> androidx.navigation:navigation-common:2.7.6 -> androidx.navigation:navigation-fragment:2.7.6 -> androidx.fragment:fragment-ktx:1.6.2 -> androidx.lifecycle:lifecycle-livedata-core-ktx:2.6.2
:app:debugRuntimeClasspath -> androidx.appcompat:appcompat:1.6.1 -> androidx.emoji2:emoji2:1.2.0 -> androidx.lifecycle:lifecycle-process:2.6.2
:app:debugRuntimeClasspath -> androidx.appcompat:appcompat:1.6.1 -> androidx.emoji2:emoji2:1.2.0 -> androidx.startup:startup-runtime:1.1.1
:app:debugRuntimeClasspath -> com.google.android.material:material:1.11.0 -> androidx.activity:activity:1.8.0 -> androidx.tracing:tracing:1.0.0
:app:debugRuntimeClasspath -> androidx.navigation:navigation-fragment-ktx:2.7.6 -> androidx.navigation:navigation-fragment:2.7.6 -> androidx.navigation:navigation-runtime-ktx:2.7.6 -> androidx.navigation:navigation-runtime:2.7.6 -> androidx.navigation:navigation-common-ktx:2.7.6 -> androidx.navigation:navigation-common:2.7.6 -> androidx.lifecycle:lifecycle-runtime-ktx:2.6.2
:app:debugRuntimeClasspath -> androidx.appcompat:appcompat:1.6.1 -> androidx.lifecycle:lifecycle-viewmodel:2.6.2
:app:debugRuntimeClasspath -> androidx.navigation:navigation-fragment-ktx:2.7.6 -> androidx.navigation:navigation-fragment:2.7.6 -> androidx.navigation:navigation-runtime-ktx:2.7.6 -> androidx.navigation:navigation-runtime:2.7.6 -> androidx.navigation:navigation-common-ktx:2.7.6 -> androidx.navigation:navigation-common:2.7.6 -> androidx.lifecycle:lifecycle-viewmodel-ktx:2.6.2
:app:debugRuntimeClasspath -> androidx.navigation:navigation-fragment-ktx:2.7.6 -> androidx.navigation:navigation-fragment:2.7.6 -> androidx.navigation:navigation-runtime-ktx:2.7.6 -> androidx.navigation:navigation-runtime:2.7.6 -> androidx.navigation:navigation-common-ktx:2.7.6 -> androidx.navigation:navigation-common:2.7.6 -> androidx.lifecycle:lifecycle-viewmodel-savedstate:2.6.2
:app:debugRuntimeClasspath -> androidx.appcompat:appcompat:1.6.1 -> androidx.savedstate:savedstate:1.2.1
:app:debugRuntimeClasspath -> androidx.navigation:navigation-fragment-ktx:2.7.6 -> androidx.navigation:navigation-fragment:2.7.6 -> androidx.navigation:navigation-runtime-ktx:2.7.6 -> androidx.navigation:navigation-runtime:2.7.6 -> androidx.navigation:navigation-common-ktx:2.7.6 -> androidx.navigation:navigation-common:2.7.6 -> androidx.savedstate:savedstate-ktx:1.2.1
:app:debugRuntimeClasspath -> androidx.navigation:navigation-fragment-ktx:2.7.6 -> androidx.navigation:navigation-fragment:2.7.6 -> androidx.navigation:navigation-runtime-ktx:2.7.6 -> androidx.navigation:navigation-runtime:2.7.6 -> androidx.navigation:navigation-common-ktx:2.7.6 -> androidx.navigation:navigation-common:2.7.6 -> androidx.profileinstaller:profileinstaller:1.3.0
:app:debugRuntimeClasspath -> com.google.android.material:material:1.11.0 -> androidx.core:core:1.12.0 -> androidx.versionedparcelable:versionedparcelable:1.1.1
:app:debugRuntimeClasspath -> androidx.appcompat:appcompat:1.6.1
:app:debugRuntimeClasspath -> com.google.android.material:material:1.11.0 -> androidx.activity:activity:1.8.0
:app:debugRuntimeClasspath -> androidx.navigation:navigation-fragment-ktx:2.7.6 -> androidx.navigation:navigation-fragment:2.7.6 -> androidx.navigation:navigation-runtime-ktx:2.7.6 -> androidx.navigation:navigation-common-ktx:2.7.6 -> androidx.navigation:navigation-common:2.7.6 -> androidx.navigation:navigation-runtime:2.7.6 -> androidx.activity:activity-ktx:1.8.0
:app:debugRuntimeClasspath -> androidx.appcompat:appcompat:1.6.1 -> androidx.appcompat:appcompat-resources:1.6.1
:app:debugRuntimeClasspath -> com.google.android.material:material:1.11.0 -> androidx.vectordrawable:vectordrawable:1.1.0
:app:debugRuntimeClasspath -> androidx.appcompat:appcompat:1.6.1 -> androidx.appcompat:appcompat-resources:1.6.1 -> androidx.vectordrawable:vectordrawable-animated:1.1.0
:app:debugRuntimeClasspath -> androidx.appcompat:appcompat:1.6.1 -> androidx.cursoradapter:cursoradapter:1.0.0
:app:debugRuntimeClasspath -> androidx.navigation:navigation-fragment-ktx:2.7.6 -> androidx.navigation:navigation-fragment:2.7.6 -> androidx.navigation:navigation-runtime-ktx:2.7.6 -> androidx.navigation:navigation-runtime:2.7.6 -> androidx.navigation:navigation-common-ktx:2.7.6 -> androidx.navigation:navigation-common:2.7.6 -> androidx.navigation:navigation-ui:2.7.6 -> androidx.drawerlayout:drawerlayout:1.1.1
:app:debugRuntimeClasspath -> androidx.navigation:navigation-fragment-ktx:2.7.6 -> androidx.navigation:navigation-fragment:2.7.6 -> androidx.navigation:navigation-runtime-ktx:2.7.6 -> androidx.navigation:navigation-runtime:2.7.6 -> androidx.navigation:navigation-common-ktx:2.7.6 -> androidx.navigation:navigation-common:2.7.6 -> androidx.navigation:navigation-ui:2.7.6 -> androidx.customview:customview:1.1.0
:app:debugRuntimeClasspath -> androidx.appcompat:appcompat:1.6.1 -> androidx.emoji2:emoji2:1.2.0
:app:debugRuntimeClasspath -> androidx.appcompat:appcompat:1.6.1 -> androidx.emoji2:emoji2-views-helper:1.2.0
:app:debugRuntimeClasspath -> com.google.android.material:material:1.11.0 -> androidx.fragment:fragment:1.6.2
:app:debugRuntimeClasspath -> com.google.android.material:material:1.11.0 -> androidx.fragment:fragment:1.6.2 -> androidx.loader:loader:1.0.0
:app:debugRuntimeClasspath -> com.google.android.material:material:1.11.0 -> androidx.fragment:fragment:1.6.2 -> androidx.viewpager:viewpager:1.0.0
:app:debugRuntimeClasspath -> androidx.navigation:navigation-fragment-ktx:2.7.6 -> androidx.navigation:navigation-runtime-ktx:2.7.6 -> androidx.navigation:navigation-runtime:2.7.6 -> androidx.navigation:navigation-common-ktx:2.7.6 -> androidx.navigation:navigation-common:2.7.6 -> androidx.navigation:navigation-fragment:2.7.6 -> androidx.fragment:fragment-ktx:1.6.2
:app:debugRuntimeClasspath -> androidx.navigation:navigation-fragment-ktx:2.7.6 -> androidx.navigation:navigation-fragment:2.7.6 -> androidx.navigation:navigation-runtime-ktx:2.7.6 -> androidx.navigation:navigation-runtime:2.7.6 -> androidx.navigation:navigation-common-ktx:2.7.6 -> androidx.navigation:navigation-common:2.7.6 -> androidx.collection:collection-ktx:1.1.0
:app:debugRuntimeClasspath -> com.google.android.material:material:1.11.0 -> androidx.resourceinspection:resourceinspection-annotation:1.0.1
:app:debugRuntimeClasspath -> com.google.android.material:material:1.11.0
:app:debugRuntimeClasspath -> com.google.android.material:material:1.11.0 -> androidx.cardview:cardview:1.0.0
:app:debugRuntimeClasspath -> com.google.android.material:material:1.11.0 -> androidx.coordinatorlayout:coordinatorlayout:1.1.0
:app:debugRuntimeClasspath -> androidx.constraintlayout:constraintlayout:2.1.4
:app:debugRuntimeClasspath -> androidx.constraintlayout:constraintlayout:2.1.4 -> androidx.constraintlayout:constraintlayout-core:1.0.4
:app:debugRuntimeClasspath -> com.google.android.material:material:1.11.0 -> androidx.dynamicanimation:dynamicanimation:1.0.0
:app:debugRuntimeClasspath -> com.google.android.material:material:1.11.0 -> androidx.dynamicanimation:dynamicanimation:1.0.0 -> androidx.legacy:legacy-support-core-utils:1.0.0
:app:debugRuntimeClasspath -> com.google.android.material:material:1.11.0 -> androidx.dynamicanimation:dynamicanimation:1.0.0 -> androidx.legacy:legacy-support-core-utils:1.0.0 -> androidx.documentfile:documentfile:1.0.0
:app:debugRuntimeClasspath -> com.google.android.material:material:1.11.0 -> androidx.dynamicanimation:dynamicanimation:1.0.0 -> androidx.legacy:legacy-support-core-utils:1.0.0 -> androidx.localbroadcastmanager:localbroadcastmanager:1.0.0
:app:debugRuntimeClasspath -> com.google.android.material:material:1.11.0 -> androidx.dynamicanimation:dynamicanimation:1.0.0 -> androidx.legacy:legacy-support-core-utils:1.0.0 -> androidx.print:print:1.0.0
:app:debugRuntimeClasspath -> com.google.android.material:material:1.11.0 -> androidx.recyclerview:recyclerview:1.1.0
:app:debugRuntimeClasspath -> androidx.navigation:navigation-fragment-ktx:2.7.6 -> androidx.navigation:navigation-fragment:2.7.6 -> androidx.navigation:navigation-runtime-ktx:2.7.6 -> androidx.navigation:navigation-runtime:2.7.6 -> androidx.navigation:navigation-common-ktx:2.7.6 -> androidx.navigation:navigation-common:2.7.6 -> androidx.navigation:navigation-ui:2.7.6 -> androidx.transition:transition:1.4.1
:app:debugRuntimeClasspath -> com.google.android.material:material:1.11.0 -> androidx.viewpager2:viewpager2:1.0.0
:app:debugRuntimeClasspath -> androidx.navigation:navigation-fragment-ktx:2.7.6
:app:debugRuntimeClasspath -> androidx.navigation:navigation-fragment-ktx:2.7.6 -> androidx.navigation:navigation-runtime-ktx:2.7.6 -> androidx.navigation:navigation-runtime:2.7.6 -> androidx.navigation:navigation-common-ktx:2.7.6 -> androidx.navigation:navigation-common:2.7.6 -> androidx.navigation:navigation-fragment:2.7.6
:app:debugRuntimeClasspath -> androidx.navigation:navigation-fragment-ktx:2.7.6 -> androidx.navigation:navigation-fragment:2.7.6 -> androidx.navigation:navigation-runtime-ktx:2.7.6 -> androidx.navigation:navigation-common-ktx:2.7.6 -> androidx.navigation:navigation-common:2.7.6 -> androidx.navigation:navigation-runtime:2.7.6
:app:debugRuntimeClasspath -> androidx.navigation:navigation-fragment-ktx:2.7.6 -> androidx.navigation:navigation-fragment:2.7.6 -> androidx.navigation:navigation-runtime-ktx:2.7.6 -> androidx.navigation:navigation-runtime:2.7.6 -> androidx.navigation:navigation-common-ktx:2.7.6 -> androidx.navigation:navigation-common:2.7.6
:app:debugRuntimeClasspath -> androidx.navigation:navigation-fragment-ktx:2.7.6 -> androidx.navigation:navigation-fragment:2.7.6 -> androidx.navigation:navigation-runtime-ktx:2.7.6 -> androidx.navigation:navigation-runtime:2.7.6 -> androidx.navigation:navigation-common:2.7.6 -> androidx.navigation:navigation-common-ktx:2.7.6
:app:debugRuntimeClasspath -> androidx.navigation:navigation-fragment-ktx:2.7.6 -> androidx.navigation:navigation-fragment:2.7.6 -> androidx.navigation:navigation-runtime:2.7.6 -> androidx.navigation:navigation-common-ktx:2.7.6 -> androidx.navigation:navigation-common:2.7.6 -> androidx.navigation:navigation-runtime-ktx:2.7.6
:app:debugRuntimeClasspath -> androidx.navigation:navigation-fragment-ktx:2.7.6 -> androidx.navigation:navigation-fragment:2.7.6 -> androidx.navigation:navigation-runtime-ktx:2.7.6 -> androidx.navigation:navigation-runtime:2.7.6 -> androidx.navigation:navigation-common-ktx:2.7.6 -> androidx.navigation:navigation-common:2.7.6 -> androidx.navigation:navigation-ui:2.7.6
:app:debugRuntimeClasspath -> androidx.navigation:navigation-ui-ktx:2.7.6
:app:debugRuntimeClasspath -> androidx.navigation:navigation-fragment-ktx:2.7.6 -> androidx.navigation:navigation-runtime-ktx:2.7.6 -> androidx.navigation:navigation-runtime:2.7.6 -> androidx.navigation:navigation-common-ktx:2.7.6 -> androidx.navigation:navigation-common:2.7.6 -> androidx.navigation:navigation-fragment:2.7.6 -> androidx.slidingpanelayout:slidingpanelayout:1.2.0
:app:debugRuntimeClasspath -> androidx.navigation:navigation-fragment-ktx:2.7.6 -> androidx.navigation:navigation-runtime-ktx:2.7.6 -> androidx.navigation:navigation-runtime:2.7.6 -> androidx.navigation:navigation-common-ktx:2.7.6 -> androidx.navigation:navigation-common:2.7.6 -> androidx.navigation:navigation-fragment:2.7.6 -> androidx.slidingpanelayout:slidingpanelayout:1.2.0 -> androidx.window:window:1.0.0
	at com.android.builder.errors.IssueReporter.reportError(IssueReporter.kt:116)
	at com.android.builder.errors.IssueReporter.reportError$default(IssueReporter.kt:112)
	at com.android.build.gradle.internal.dependency.AndroidXDependencyCheck$AndroidXDisabledJetifierDisabled.execute(AndroidXDependencyCheck.kt:72)
	at com.android.build.gradle.internal.dependency.AndroidXDependencyCheck$AndroidXDisabledJetifierDisabled.execute(AndroidXDependencyCheck.kt:40)
	at org.gradle.internal.code.DefaultUserCodeApplicationContext$CurrentApplication$1.execute(DefaultUserCodeApplicationContext.java:122)
	at org.gradle.internal.event.BroadcastDispatch$ActionInvocationHandler.dispatch(BroadcastDispatch.java:99)
	at org.gradle.internal.event.BroadcastDispatch$ActionInvocationHandler.dispatch(BroadcastDispatch.java:87)
	at org.gradle.internal.event.AbstractBroadcastDispatch.dispatch(AbstractBroadcastDispatch.java:43)
	at org.gradle.internal.event.BroadcastDispatch$SingletonDispatch.dispatch(BroadcastDispatch.java:268)
	at org.gradle.internal.event.BroadcastDispatch$SingletonDispatch.dispatch(BroadcastDispatch.java:170)
	at org.gradle.internal.event.AbstractBroadcastDispatch.dispatch(AbstractBroadcastDispatch.java:83)
	at org.gradle.internal.event.AbstractBroadcastDispatch.dispatch(AbstractBroadcastDispatch.java:69)
	at org.gradle.internal.event.BroadcastDispatch$CompositeDispatch.dispatch(BroadcastDispatch.java:381)
	at org.gradle.internal.event.BroadcastDispatch$CompositeDispatch.dispatch(BroadcastDispatch.java:272)
	at org.gradle.internal.event.ListenerBroadcast.dispatch(ListenerBroadcast.java:148)
	at org.gradle.internal.event.ListenerBroadcast.dispatch(ListenerBroadcast.java:37)
	at org.gradle.internal.dispatch.ProxyDispatchAdapter$DispatchingInvocationHandler.invoke(ProxyDispatchAdapter.java:94)
	at jdk.proxy1/jdk.proxy1.$Proxy58.afterResolve(Unknown Source)
	at org.gradle.api.internal.artifacts.configurations.DefaultConfiguration$1.call(DefaultConfiguration.java:766)
	at org.gradle.api.internal.artifacts.configurations.DefaultConfiguration$1.call(DefaultConfiguration.java:739)
	at org.gradle.internal.operations.DefaultBuildOperationRunner$CallableBuildOperationWorker.execute(DefaultBuildOperationRunner.java:200)
	at org.gradle.internal.operations.DefaultBuildOperationRunner$CallableBuildOperationWorker.execute(DefaultBuildOperationRunner.java:195)
	at org.gradle.internal.operations.DefaultBuildOperationRunner$2.execute(DefaultBuildOperationRunner.java:66)
	at org.gradle.internal.operations.DefaultBuildOperationRunner$2.execute(DefaultBuildOperationRunner.java:59)
	at org.gradle.internal.operations.DefaultBuildOperationRunner.execute(DefaultBuildOperationRunner.java:157)
	at org.gradle.internal.operations.DefaultBuildOperationRunner.execute(DefaultBuildOperationRunner.java:59)
	at org.gradle.internal.operations.DefaultBuildOperationRunner.call(DefaultBuildOperationRunner.java:53)
	at org.gradle.internal.operations.DefaultBuildOperationExecutor.call(DefaultBuildOperationExecutor.java:73)
	at org.gradle.api.internal.artifacts.configurations.DefaultConfiguration.resolveGraphInBuildOperation(DefaultConfiguration.java:739)
	at org.gradle.api.internal.artifacts.configurations.DefaultConfiguration.lambda$resolveExclusivelyIfRequired$6(DefaultConfiguration.java:731)
	at org.gradle.api.internal.project.DefaultProjectStateRegistry$CalculatedModelValueImpl.update(DefaultProjectStateRegistry.java:505)
	at org.gradle.api.internal.artifacts.configurations.DefaultConfiguration.resolveExclusivelyIfRequired(DefaultConfiguration.java:723)
	at org.gradle.api.internal.artifacts.configurations.DefaultConfiguration.resolveGraphIfRequired(DefaultConfiguration.java:716)
	at org.gradle.api.internal.artifacts.configurations.DefaultConfiguration.access$500(DefaultConfiguration.java:154)
	at org.gradle.api.internal.artifacts.configurations.DefaultConfiguration$ResolverResultsResolutionResultProvider.getValue(DefaultConfiguration.java:690)
	at org.gradle.api.internal.artifacts.configurations.DefaultConfiguration$ResolverResultsResolutionResultProvider.getValue(DefaultConfiguration.java:651)
	at org.gradle.api.internal.artifacts.configurations.ResolutionResultProvider$1.getValue(ResolutionResultProvider.java:53)
	at org.gradle.api.internal.artifacts.configurations.DefaultConfiguration$ConfigurationResolvableDependencies$ConfigurationResolvingMinimalResolutionResult.getDelegate(DefaultConfiguration.java:1946)
	at org.gradle.api.internal.artifacts.configurations.DefaultConfiguration$ConfigurationResolvableDependencies$ConfigurationResolvingMinimalResolutionResult.getRootSource(DefaultConfiguration.java:1955)
	at org.gradle.api.internal.artifacts.result.DefaultResolutionResult.getRoot(DefaultResolutionResult.java:48)
	at org.gradle.api.internal.artifacts.result.DefaultResolutionResult.getAllComponents(DefaultResolutionResult.java:81)
	at org.gradle.api.internal.artifacts.configurations.DefaultConfiguration.getConsistentResolutionConstraints(DefaultConfiguration.java:828)
	at org.gradle.api.internal.artifacts.configurations.DefaultConfiguration.generateSyntheticDependencies(DefaultConfiguration.java:1301)
	at org.gradle.internal.lazy.UnsafeLazy.get(UnsafeLazy.java:35)
	at org.gradle.api.internal.artifacts.configurations.DefaultConfiguration.getSyntheticDependencies(DefaultConfiguration.java:1278)
	at org.gradle.api.internal.artifacts.configurations.DefaultUnlockedConfiguration_Decorated.getSyntheticDependencies(Unknown Source)
	at org.gradle.api.internal.artifacts.ivyservice.DefaultConfigurationResolver.doResolve(DefaultConfigurationResolver.java:371)
	at org.gradle.api.internal.artifacts.ivyservice.DefaultConfigurationResolver.resolveGraph(DefaultConfigurationResolver.java:265)
	at org.gradle.api.internal.artifacts.ivyservice.ShortCircuitEmptyConfigurationResolver.resolveGraph(ShortCircuitEmptyConfigurationResolver.java:90)
	at org.gradle.api.internal.artifacts.configurations.DefaultConfiguration$1.call(DefaultConfiguration.java:750)
	at org.gradle.api.internal.artifacts.configurations.DefaultConfiguration$1.call(DefaultConfiguration.java:739)
	at org.gradle.internal.operations.DefaultBuildOperationRunner$CallableBuildOperationWorker.execute(DefaultBuildOperationRunner.java:200)
	at org.gradle.internal.operations.DefaultBuildOperationRunner$CallableBuildOperationWorker.execute(DefaultBuildOperationRunner.java:195)
	at org.gradle.internal.operations.DefaultBuildOperationRunner$2.execute(DefaultBuildOperationRunner.java:66)
	at org.gradle.internal.operations.DefaultBuildOperationRunner$2.execute(DefaultBuildOperationRunner.java:59)
	at org.gradle.internal.operations.DefaultBuildOperationRunner.execute(DefaultBuildOperationRunner.java:157)
	at org.gradle.internal.operations.DefaultBuildOperationRunner.execute(DefaultBuildOperationRunner.java:59)
	at org.gradle.internal.operations.DefaultBuildOperationRunner.call(DefaultBuildOperationRunner.java:53)
	at org.gradle.internal.operations.DefaultBuildOperationExecutor.call(DefaultBuildOperationExecutor.java:73)
	at org.gradle.api.internal.artifacts.configurations.DefaultConfiguration.resolveGraphInBuildOperation(DefaultConfiguration.java:739)
	at org.gradle.api.internal.artifacts.configurations.DefaultConfiguration.lambda$resolveExclusivelyIfRequired$6(DefaultConfiguration.java:731)
	at org.gradle.api.internal.project.DefaultProjectStateRegistry$CalculatedModelValueImpl.update(DefaultProjectStateRegistry.java:505)
	at org.gradle.api.internal.artifacts.configurations.DefaultConfiguration.resolveExclusivelyIfRequired(DefaultConfiguration.java:723)
	at org.gradle.api.internal.artifacts.configurations.DefaultConfiguration.resolveGraphIfRequired(DefaultConfiguration.java:716)
	at org.gradle.api.internal.artifacts.configurations.DefaultConfiguration.access$500(DefaultConfiguration.java:154)
	at org.gradle.api.internal.artifacts.configurations.DefaultConfiguration$ResolverResultsResolutionResultProvider.getValue(DefaultConfiguration.java:690)
	at org.gradle.api.internal.artifacts.configurations.DefaultConfiguration$ResolverResultsResolutionResultProvider.getValue(DefaultConfiguration.java:651)
	at org.gradle.api.internal.artifacts.configurations.ResolutionResultProvider$1.getValue(ResolutionResultProvider.java:53)
	at org.gradle.api.internal.artifacts.configurations.ResolutionBackedFileCollection.getSelectedArtifacts(ResolutionBackedFileCollection.java:95)
	at org.gradle.api.internal.artifacts.configurations.ResolutionBackedFileCollection.visitContents(ResolutionBackedFileCollection.java:73)
	at org.gradle.api.internal.file.AbstractFileCollection.visitStructure(AbstractFileCollection.java:361)
	at org.gradle.api.internal.file.CompositeFileCollection.lambda$visitContents$0(CompositeFileCollection.java:113)
	at org.gradle.api.internal.file.collections.UnpackingVisitor.add(UnpackingVisitor.java:67)
	at org.gradle.api.internal.file.collections.UnpackingVisitor.add(UnpackingVisitor.java:92)
	at org.gradle.api.internal.file.DefaultFileCollectionFactory$ResolvingFileCollection.visitChildren(DefaultFileCollectionFactory.java:285)
	at org.gradle.api.internal.file.CompositeFileCollection.visitContents(CompositeFileCollection.java:113)
	at org.gradle.api.internal.file.AbstractFileCollection.visitStructure(AbstractFileCollection.java:361)
	at org.gradle.api.internal.file.CompositeFileCollection.lambda$visitContents$0(CompositeFileCollection.java:113)
	at org.gradle.api.internal.tasks.PropertyFileCollection.visitChildren(PropertyFileCollection.java:48)
	at org.gradle.api.internal.file.CompositeFileCollection.visitContents(CompositeFileCollection.java:113)
	at org.gradle.api.internal.file.AbstractFileCollection.visitStructure(AbstractFileCollection.java:361)
	at org.gradle.internal.fingerprint.impl.DefaultFileCollectionSnapshotter.snapshot(DefaultFileCollectionSnapshotter.java:47)
	at org.gradle.internal.execution.impl.DefaultInputFingerprinter$InputCollectingVisitor.visitInputFileProperty(DefaultInputFingerprinter.java:133)
	at org.gradle.api.internal.tasks.execution.TaskExecution.visitRegularInputs(TaskExecution.java:324)
	at org.gradle.internal.execution.impl.DefaultInputFingerprinter.fingerprintInputProperties(DefaultInputFingerprinter.java:63)
	at org.gradle.internal.execution.steps.AbstractCaptureStateBeforeExecutionStep.captureExecutionStateWithOutputs(AbstractCaptureStateBeforeExecutionStep.java:109)
	at org.gradle.internal.execution.steps.AbstractCaptureStateBeforeExecutionStep.lambda$captureExecutionState$0(AbstractCaptureStateBeforeExecutionStep.java:74)
	at org.gradle.internal.execution.steps.BuildOperationStep$1.call(BuildOperationStep.java:37)
	at org.gradle.internal.operations.DefaultBuildOperationRunner$CallableBuildOperationWorker.execute(DefaultBuildOperationRunner.java:200)
	at org.gradle.internal.operations.DefaultBuildOperationRunner$CallableBuildOperationWorker.execute(DefaultBuildOperationRunner.java:195)
	at org.gradle.internal.operations.DefaultBuildOperationRunner$2.execute(DefaultBuildOperationRunner.java:66)
	at org.gradle.internal.operations.DefaultBuildOperationRunner$2.execute(DefaultBuildOperationRunner.java:59)
	at org.gradle.internal.operations.DefaultBuildOperationRunner.execute(DefaultBuildOperationRunner.java:157)
	at org.gradle.internal.operations.DefaultBuildOperationRunner.execute(DefaultBuildOperationRunner.java:59)
	at org.gradle.internal.operations.DefaultBuildOperationRunner.call(DefaultBuildOperationRunner.java:53)
	at org.gradle.internal.operations.DefaultBuildOperationExecutor.call(DefaultBuildOperationExecutor.java:73)
	at org.gradle.internal.execution.steps.BuildOperationStep.operation(BuildOperationStep.java:34)
	at org.gradle.internal.execution.steps.AbstractCaptureStateBeforeExecutionStep.captureExecutionState(AbstractCaptureStateBeforeExecutionStep.java:69)
	at org.gradle.internal.execution.steps.AbstractCaptureStateBeforeExecutionStep.execute(AbstractCaptureStateBeforeExecutionStep.java:62)
	at org.gradle.internal.execution.steps.AbstractCaptureStateBeforeExecutionStep.execute(AbstractCaptureStateBeforeExecutionStep.java:43)
	at org.gradle.internal.execution.steps.AbstractSkipEmptyWorkStep.executeWithNonEmptySources(AbstractSkipEmptyWorkStep.java:125)
	at org.gradle.internal.execution.steps.AbstractSkipEmptyWorkStep.execute(AbstractSkipEmptyWorkStep.java:56)
	at org.gradle.internal.execution.steps.AbstractSkipEmptyWorkStep.execute(AbstractSkipEmptyWorkStep.java:36)
	at org.gradle.internal.execution.steps.legacy.MarkSnapshottingInputsStartedStep.execute(MarkSnapshottingInputsStartedStep.java:38)
	at org.gradle.internal.execution.steps.LoadPreviousExecutionStateStep.execute(LoadPreviousExecutionStateStep.java:36)
	at org.gradle.internal.execution.steps.LoadPreviousExecutionStateStep.execute(LoadPreviousExecutionStateStep.java:23)
	at org.gradle.internal.execution.steps.HandleStaleOutputsStep.execute(HandleStaleOutputsStep.java:75)
	at org.gradle.internal.execution.steps.HandleStaleOutputsStep.execute(HandleStaleOutputsStep.java:41)
	at org.gradle.internal.execution.steps.AssignMutableWorkspaceStep.lambda$execute$0(AssignMutableWorkspaceStep.java:35)
	at org.gradle.api.internal.tasks.execution.TaskExecution$4.withWorkspace(TaskExecution.java:289)
	at org.gradle.internal.execution.steps.AssignMutableWorkspaceStep.execute(AssignMutableWorkspaceStep.java:31)
	at org.gradle.internal.execution.steps.AssignMutableWorkspaceStep.execute(AssignMutableWorkspaceStep.java:22)
	at org.gradle.internal.execution.steps.ChoosePipelineStep.execute(ChoosePipelineStep.java:40)
	at org.gradle.internal.execution.steps.ChoosePipelineStep.execute(ChoosePipelineStep.java:23)
	at org.gradle.internal.execution.steps.ExecuteWorkBuildOperationFiringStep.lambda$execute$2(ExecuteWorkBuildOperationFiringStep.java:67)
	at org.gradle.internal.execution.steps.ExecuteWorkBuildOperationFiringStep.execute(ExecuteWorkBuildOperationFiringStep.java:67)
	at org.gradle.internal.execution.steps.ExecuteWorkBuildOperationFiringStep.execute(ExecuteWorkBuildOperationFiringStep.java:39)
	at org.gradle.internal.execution.steps.IdentityCacheStep.execute(IdentityCacheStep.java:46)
	at org.gradle.internal.execution.steps.IdentityCacheStep.execute(IdentityCacheStep.java:34)
	at org.gradle.internal.execution.steps.IdentifyStep.execute(IdentifyStep.java:48)
	at org.gradle.internal.execution.steps.IdentifyStep.execute(IdentifyStep.java:35)
	at org.gradle.internal.execution.impl.DefaultExecutionEngine$1.execute(DefaultExecutionEngine.java:61)
	at org.gradle.api.internal.tasks.execution.ExecuteActionsTaskExecuter.executeIfValid(ExecuteActionsTaskExecuter.java:127)
	at org.gradle.api.internal.tasks.execution.ExecuteActionsTaskExecuter.execute(ExecuteActionsTaskExecuter.java:116)
	at org.gradle.api.internal.tasks.execution.FinalizePropertiesTaskExecuter.execute(FinalizePropertiesTaskExecuter.java:46)
	at org.gradle.api.internal.tasks.execution.ResolveTaskExecutionModeExecuter.execute(ResolveTaskExecutionModeExecuter.java:51)
	at org.gradle.api.internal.tasks.execution.SkipTaskWithNoActionsExecuter.execute(SkipTaskWithNoActionsExecuter.java:57)
	at org.gradle.api.internal.tasks.execution.SkipOnlyIfTaskExecuter.execute(SkipOnlyIfTaskExecuter.java:74)
	at org.gradle.api.internal.tasks.execution.CatchExceptionTaskExecuter.execute(CatchExceptionTaskExecuter.java:36)
	at org.gradle.api.internal.tasks.execution.EventFiringTaskExecuter$1.executeTask(EventFiringTaskExecuter.java:77)
	at org.gradle.api.internal.tasks.execution.EventFiringTaskExecuter$1.call(EventFiringTaskExecuter.java:55)
	at org.gradle.api.internal.tasks.execution.EventFiringTaskExecuter$1.call(EventFiringTaskExecuter.java:52)
	at org.gradle.internal.operations.DefaultBuildOperationRunner$CallableBuildOperationWorker.execute(DefaultBuildOperationRunner.java:200)
	at org.gradle.internal.operations.DefaultBuildOperationRunner$CallableBuildOperationWorker.execute(DefaultBuildOperationRunner.java:195)
	at org.gradle.internal.operations.DefaultBuildOperationRunner$2.execute(DefaultBuildOperationRunner.java:66)
	at org.gradle.internal.operations.DefaultBuildOperationRunner$2.execute(DefaultBuildOperationRunner.java:59)
	at org.gradle.internal.operations.DefaultBuildOperationRunner.execute(DefaultBuildOperationRunner.java:157)
	at org.gradle.internal.operations.DefaultBuildOperationRunner.execute(DefaultBuildOperationRunner.java:59)
	at org.gradle.internal.operations.DefaultBuildOperationRunner.call(DefaultBuildOperationRunner.java:53)
	at org.gradle.internal.operations.DefaultBuildOperationExecutor.call(DefaultBuildOperationExecutor.java:73)
	at org.gradle.api.internal.tasks.execution.EventFiringTaskExecuter.execute(EventFiringTaskExecuter.java:52)
	at org.gradle.execution.plan.LocalTaskNodeExecutor.execute(LocalTaskNodeExecutor.java:42)
	at org.gradle.execution.taskgraph.DefaultTaskExecutionGraph$InvokeNodeExecutorsAction.execute(DefaultTaskExecutionGraph.java:331)
	at org.gradle.execution.taskgraph.DefaultTaskExecutionGraph$InvokeNodeExecutorsAction.execute(DefaultTaskExecutionGraph.java:318)
	at org.gradle.execution.taskgraph.DefaultTaskExecutionGraph$BuildOperationAwareExecutionAction.lambda$execute$0(DefaultTaskExecutionGraph.java:314)
	at org.gradle.internal.operations.CurrentBuildOperationRef.with(CurrentBuildOperationRef.java:80)
	at org.gradle.execution.taskgraph.DefaultTaskExecutionGraph$BuildOperationAwareExecutionAction.execute(DefaultTaskExecutionGraph.java:314)
	at org.gradle.execution.taskgraph.DefaultTaskExecutionGraph$BuildOperationAwareExecutionAction.execute(DefaultTaskExecutionGraph.java:303)
	at org.gradle.execution.plan.DefaultPlanExecutor$ExecutorWorker.execute(DefaultPlanExecutor.java:463)
	at org.gradle.execution.plan.DefaultPlanExecutor$ExecutorWorker.run(DefaultPlanExecutor.java:380)
	at org.gradle.internal.concurrent.ExecutorPolicy$CatchAndRecordFailures.onExecute(ExecutorPolicy.java:64)
	at org.gradle.internal.concurrent.AbstractManagedExecutor$1.run(AbstractManagedExecutor.java:47)


Deprecated Gradle features were used in this build, making it incompatible with Gradle 9.0.

You can use '--warning-mode all' to show the individual deprecation warnings and determine if they come from your own scripts or plugins.

For more on this, please refer to https://docs.gradle.org/8.7/userguide/command_line_interface.html#sec:command_line_warnings in the Gradle documentation.

BUILD FAILED in 410ms
2 actionable tasks: 2 executed
